{
    "-profile test": {
        "content": [
            13,
            {
                "RAMMAP_ALIGN": {
                    "rammap": "1.1.2",
                    "samtools": "1.22.1"
                },
                "SAMTOOLS_DEPTH": {
                    "samtools": "1.22.1"
                },
                "SAMTOOLS_INDEX": {
                    "samtools": "1.22.1"
                },
                "SAMTOOLS_SORT": {
                    "samtools": "1.22.1"
                },
                "SYLPH_PROFILE": {
                    "sylph": "0.7.0"
                },
                "Workflow": {
                    "CLIMB-TRE/chimera": "v0.5.0"
                }
            },
            [
                "illumina_test",
                "illumina_test/illumina_test.alignment_report.tsv",
                "illumina_test/illumina_test.bam",
                "illumina_test/illumina_test.sylph_taxonomy_report.tsv",
                "ont_test",
                "ont_test/ont_test.alignment_report.tsv",
                "ont_test/ont_test.bam",
                "pipeline_info",
                "pipeline_info/chimera_software_versions.yml"
            ],
            [
                "illumina_test.alignment_report.tsv:md5,6ff200146cea65b169fd59f84a778ca3",
                "illumina_test.sylph_taxonomy_report.tsv:md5,cb8bbd12f60396862717300fc3515403",
                "ont_test.alignment_report.tsv:md5,b7e7e90d08334eb5b206720562ded109"
            ]
        ],
        "timestamp": "2026-08-28T13:22:58.374867",
        "meta": {
            "nf-test": "0.9.5",
            "nextflow": "26.04.6"
        }
    }
}